exports[`test UsersView should render proper DOM 1`] = `
<div>
  <table
    className="table">
    <thead>
      <tr>
        <th>
          First Name
        </th>
        <th>
          Last Name
        </th>
        <th />
      </tr>
    </thead>
    <tbody>
      <tr>
        <td>
          test
        </td>
        <td>
          test
        </td>
        <td>
          <a
            className="btn btn-primary"
            href="/user/1"
            onClick={[Function]}>
            <span
              aria-hidden={true}
              className="fa fa-info-circle" />
          </a>
        </td>
      </tr>
      <tr>
        <td>
          test2
        </td>
        <td>
          test2
        </td>
        <td>
          <a
            className="btn btn-primary"
            href="/user/2"
            onClick={[Function]}>
            <span
              aria-hidden={true}
              className="fa fa-info-circle" />
          </a>
        </td>
      </tr>
    </tbody>
  </table>
</div>
`;
